[2026-07-30 13:17:13.166] [quiver_database_0] [debug] Opening database: /home/runner/work/IARA.jl/IARA.jl/docs/build/tutorial/data/case_1/study.iara
[2026-07-30 13:17:13.166] [quiver_database_0] [debug] Database opened successfully, foreign keys enabled
[2026-07-30 13:17:13.166] [quiver_database_0] [info] Database opened successfully: /home/runner/work/IARA.jl/IARA.jl/docs/build/tutorial/data/case_1/study.iara
[2026-07-30 13:17:13.167] [quiver_database_0] [info] Applying 36 pending migration(s) from version 0 to 36
[2026-07-30 13:17:13.167] [quiver_database_0] [info] Applying migration 1
[2026-07-30 13:17:13.167] [quiver_database_0] [debug] Transaction started
[2026-07-30 13:17:13.169] [quiver_database_0] [debug] Set database version to 1
[2026-07-30 13:17:13.170] [quiver_database_0] [debug] Transaction committed
[2026-07-30 13:17:13.170] [quiver_database_0] [info] Migration 1 applied successfully
[2026-07-30 13:17:13.170] [quiver_database_0] [info] Applying migration 2
[2026-07-30 13:17:13.170] [quiver_database_0] [debug] Transaction started
[2026-07-30 13:17:13.235] [quiver_database_0] [debug] Set database version to 2
[2026-07-30 13:17:13.237] [quiver_database_0] [debug] Transaction committed
[2026-07-30 13:17:13.237] [quiver_database_0] [info] Migration 2 applied successfully
[2026-07-30 13:17:13.237] [quiver_database_0] [info] Applying migration 3
[2026-07-30 13:17:13.237] [quiver_database_0] [debug] Transaction started
[2026-07-30 13:17:13.272] [quiver_database_0] [debug] Set database version to 3
[2026-07-30 13:17:13.273] [quiver_database_0] [debug] Transaction committed
[2026-07-30 13:17:13.273] [quiver_database_0] [info] Migration 3 applied successfully
[2026-07-30 13:17:13.273] [quiver_database_0] [info] Applying migration 4
[2026-07-30 13:17:13.273] [quiver_database_0] [debug] Transaction started
[2026-07-30 13:17:13.286] [quiver_database_0] [debug] Set database version to 4
[2026-07-30 13:17:13.287] [quiver_database_0] [debug] Transaction committed
[2026-07-30 13:17:13.287] [quiver_database_0] [info] Migration 4 applied successfully
[2026-07-30 13:17:13.287] [quiver_database_0] [info] Applying migration 5
[2026-07-30 13:17:13.287] [quiver_database_0] [debug] Transaction started
[2026-07-30 13:17:13.288] [quiver_database_0] [debug] Set database version to 5
[2026-07-30 13:17:13.288] [quiver_database_0] [debug] Transaction committed
[2026-07-30 13:17:13.288] [quiver_database_0] [info] Migration 5 applied successfully
[2026-07-30 13:17:13.288] [quiver_database_0] [info] Applying migration 6
[2026-07-30 13:17:13.288] [quiver_database_0] [debug] Transaction started
[2026-07-30 13:17:13.290] [quiver_database_0] [debug] Set database version to 6
[2026-07-30 13:17:13.291] [quiver_database_0] [debug] Transaction committed
[2026-07-30 13:17:13.291] [quiver_database_0] [info] Migration 6 applied successfully
[2026-07-30 13:17:13.291] [quiver_database_0] [info] Applying migration 7
[2026-07-30 13:17:13.291] [quiver_database_0] [debug] Transaction started
[2026-07-30 13:17:13.294] [quiver_database_0] [debug] Set database version to 7
[2026-07-30 13:17:13.294] [quiver_database_0] [debug] Transaction committed
[2026-07-30 13:17:13.294] [quiver_database_0] [info] Migration 7 applied successfully
[2026-07-30 13:17:13.294] [quiver_database_0] [info] Applying migration 8
[2026-07-30 13:17:13.294] [quiver_database_0] [debug] Transaction started
[2026-07-30 13:17:13.296] [quiver_database_0] [debug] Set database version to 8
[2026-07-30 13:17:13.296] [quiver_database_0] [debug] Transaction committed
[2026-07-30 13:17:13.296] [quiver_database_0] [info] Migration 8 applied successfully
[2026-07-30 13:17:13.296] [quiver_database_0] [info] Applying migration 9
[2026-07-30 13:17:13.296] [quiver_database_0] [debug] Transaction started
[2026-07-30 13:17:13.298] [quiver_database_0] [debug] Set database version to 9
[2026-07-30 13:17:13.299] [quiver_database_0] [debug] Transaction committed
[2026-07-30 13:17:13.299] [quiver_database_0] [info] Migration 9 applied successfully
[2026-07-30 13:17:13.299] [quiver_database_0] [info] Applying migration 10
[2026-07-30 13:17:13.299] [quiver_database_0] [debug] Transaction started
[2026-07-30 13:17:13.299] [quiver_database_0] [debug] Set database version to 10
[2026-07-30 13:17:13.299] [quiver_database_0] [debug] Transaction committed
[2026-07-30 13:17:13.299] [quiver_database_0] [info] Migration 10 applied successfully
[2026-07-30 13:17:13.299] [quiver_database_0] [info] Applying migration 11
[2026-07-30 13:17:13.299] [quiver_database_0] [debug] Transaction started
[2026-07-30 13:17:13.300] [quiver_database_0] [debug] Set database version to 11
[2026-07-30 13:17:13.301] [quiver_database_0] [debug] Transaction committed
[2026-07-30 13:17:13.301] [quiver_database_0] [info] Migration 11 applied successfully
[2026-07-30 13:17:13.301] [quiver_database_0] [info] Applying migration 12
[2026-07-30 13:17:13.301] [quiver_database_0] [debug] Transaction started
[2026-07-30 13:17:13.305] [quiver_database_0] [debug] Set database version to 12
[2026-07-30 13:17:13.305] [quiver_database_0] [debug] Transaction committed
[2026-07-30 13:17:13.305] [quiver_database_0] [info] Migration 12 applied successfully
[2026-07-30 13:17:13.306] [quiver_database_0] [info] Applying migration 13
[2026-07-30 13:17:13.306] [quiver_database_0] [debug] Transaction started
[2026-07-30 13:17:13.306] [quiver_database_0] [debug] Set database version to 13
[2026-07-30 13:17:13.307] [quiver_database_0] [debug] Transaction committed
[2026-07-30 13:17:13.307] [quiver_database_0] [info] Migration 13 applied successfully
[2026-07-30 13:17:13.307] [quiver_database_0] [info] Applying migration 14
[2026-07-30 13:17:13.307] [quiver_database_0] [debug] Transaction started
[2026-07-30 13:17:13.308] [quiver_database_0] [debug] Set database version to 14
[2026-07-30 13:17:13.308] [quiver_database_0] [debug] Transaction committed
[2026-07-30 13:17:13.308] [quiver_database_0] [info] Migration 14 applied successfully
[2026-07-30 13:17:13.308] [quiver_database_0] [info] Applying migration 15
[2026-07-30 13:17:13.308] [quiver_database_0] [debug] Transaction started
[2026-07-30 13:17:13.310] [quiver_database_0] [debug] Set database version to 15
[2026-07-30 13:17:13.311] [quiver_database_0] [debug] Transaction committed
[2026-07-30 13:17:13.311] [quiver_database_0] [info] Migration 15 applied successfully
[2026-07-30 13:17:13.311] [quiver_database_0] [info] Applying migration 16
[2026-07-30 13:17:13.311] [quiver_database_0] [debug] Transaction started
[2026-07-30 13:17:13.312] [quiver_database_0] [debug] Set database version to 16
[2026-07-30 13:17:13.312] [quiver_database_0] [debug] Transaction committed
[2026-07-30 13:17:13.312] [quiver_database_0] [info] Migration 16 applied successfully
[2026-07-30 13:17:13.312] [quiver_database_0] [info] Applying migration 17
[2026-07-30 13:17:13.312] [quiver_database_0] [debug] Transaction started
[2026-07-30 13:17:13.313] [quiver_database_0] [debug] Set database version to 17
[2026-07-30 13:17:13.313] [quiver_database_0] [debug] Transaction committed
[2026-07-30 13:17:13.313] [quiver_database_0] [info] Migration 17 applied successfully
[2026-07-30 13:17:13.313] [quiver_database_0] [info] Applying migration 18
[2026-07-30 13:17:13.313] [quiver_database_0] [debug] Transaction started
[2026-07-30 13:17:13.322] [quiver_database_0] [debug] Set database version to 18
[2026-07-30 13:17:13.323] [quiver_database_0] [debug] Transaction committed
[2026-07-30 13:17:13.323] [quiver_database_0] [info] Migration 18 applied successfully
[2026-07-30 13:17:13.323] [quiver_database_0] [info] Applying migration 19
[2026-07-30 13:17:13.323] [quiver_database_0] [debug] Transaction started
[2026-07-30 13:17:13.327] [quiver_database_0] [debug] Set database version to 19
[2026-07-30 13:17:13.328] [quiver_database_0] [debug] Transaction committed
[2026-07-30 13:17:13.328] [quiver_database_0] [info] Migration 19 applied successfully
[2026-07-30 13:17:13.328] [quiver_database_0] [info] Applying migration 20
[2026-07-30 13:17:13.328] [quiver_database_0] [debug] Transaction started
[2026-07-30 13:17:13.335] [quiver_database_0] [debug] Set database version to 20
[2026-07-30 13:17:13.335] [quiver_database_0] [debug] Transaction committed
[2026-07-30 13:17:13.335] [quiver_database_0] [info] Migration 20 applied successfully
[2026-07-30 13:17:13.335] [quiver_database_0] [info] Applying migration 21
[2026-07-30 13:17:13.335] [quiver_database_0] [debug] Transaction started
[2026-07-30 13:17:13.338] [quiver_database_0] [debug] Set database version to 21
[2026-07-30 13:17:13.339] [quiver_database_0] [debug] Transaction committed
[2026-07-30 13:17:13.339] [quiver_database_0] [info] Migration 21 applied successfully
[2026-07-30 13:17:13.339] [quiver_database_0] [info] Applying migration 22
[2026-07-30 13:17:13.339] [quiver_database_0] [debug] Transaction started
[2026-07-30 13:17:13.341] [quiver_database_0] [debug] Set database version to 22
[2026-07-30 13:17:13.342] [quiver_database_0] [debug] Transaction committed
[2026-07-30 13:17:13.342] [quiver_database_0] [info] Migration 22 applied successfully
[2026-07-30 13:17:13.342] [quiver_database_0] [info] Applying migration 23
[2026-07-30 13:17:13.342] [quiver_database_0] [debug] Transaction started
[2026-07-30 13:17:13.342] [quiver_database_0] [debug] Set database version to 23
[2026-07-30 13:17:13.343] [quiver_database_0] [debug] Transaction committed
[2026-07-30 13:17:13.343] [quiver_database_0] [info] Migration 23 applied successfully
[2026-07-30 13:17:13.343] [quiver_database_0] [info] Applying migration 24
[2026-07-30 13:17:13.343] [quiver_database_0] [debug] Transaction started
[2026-07-30 13:17:13.357] [quiver_database_0] [debug] Set database version to 24
[2026-07-30 13:17:13.358] [quiver_database_0] [debug] Transaction committed
[2026-07-30 13:17:13.358] [quiver_database_0] [info] Migration 24 applied successfully
[2026-07-30 13:17:13.358] [quiver_database_0] [info] Applying migration 25
[2026-07-30 13:17:13.358] [quiver_database_0] [debug] Transaction started
[2026-07-30 13:17:13.361] [quiver_database_0] [debug] Set database version to 25
[2026-07-30 13:17:13.362] [quiver_database_0] [debug] Transaction committed
[2026-07-30 13:17:13.362] [quiver_database_0] [info] Migration 25 applied successfully
[2026-07-30 13:17:13.362] [quiver_database_0] [info] Applying migration 26
[2026-07-30 13:17:13.362] [quiver_database_0] [debug] Transaction started
[2026-07-30 13:17:13.362] [quiver_database_0] [debug] Set database version to 26
[2026-07-30 13:17:13.363] [quiver_database_0] [debug] Transaction committed
[2026-07-30 13:17:13.363] [quiver_database_0] [info] Migration 26 applied successfully
[2026-07-30 13:17:13.363] [quiver_database_0] [info] Applying migration 27
[2026-07-30 13:17:13.363] [quiver_database_0] [debug] Transaction started
[2026-07-30 13:17:13.364] [quiver_database_0] [debug] Set database version to 27
[2026-07-30 13:17:13.365] [quiver_database_0] [debug] Transaction committed
[2026-07-30 13:17:13.365] [quiver_database_0] [info] Migration 27 applied successfully
[2026-07-30 13:17:13.365] [quiver_database_0] [info] Applying migration 28
[2026-07-30 13:17:13.365] [quiver_database_0] [debug] Transaction started
[2026-07-30 13:17:13.365] [quiver_database_0] [debug] Set database version to 28
[2026-07-30 13:17:13.366] [quiver_database_0] [debug] Transaction committed
[2026-07-30 13:17:13.366] [quiver_database_0] [info] Migration 28 applied successfully
[2026-07-30 13:17:13.366] [quiver_database_0] [info] Applying migration 29
[2026-07-30 13:17:13.366] [quiver_database_0] [debug] Transaction started
[2026-07-30 13:17:13.368] [quiver_database_0] [debug] Set database version to 29
[2026-07-30 13:17:13.368] [quiver_database_0] [debug] Transaction committed
[2026-07-30 13:17:13.368] [quiver_database_0] [info] Migration 29 applied successfully
[2026-07-30 13:17:13.368] [quiver_database_0] [info] Applying migration 30
[2026-07-30 13:17:13.368] [quiver_database_0] [debug] Transaction started
[2026-07-30 13:17:13.377] [quiver_database_0] [debug] Set database version to 30
[2026-07-30 13:17:13.378] [quiver_database_0] [debug] Transaction committed
[2026-07-30 13:17:13.378] [quiver_database_0] [info] Migration 30 applied successfully
[2026-07-30 13:17:13.378] [quiver_database_0] [info] Applying migration 31
[2026-07-30 13:17:13.378] [quiver_database_0] [debug] Transaction started
[2026-07-30 13:17:13.391] [quiver_database_0] [debug] Set database version to 31
[2026-07-30 13:17:13.392] [quiver_database_0] [debug] Transaction committed
[2026-07-30 13:17:13.392] [quiver_database_0] [info] Migration 31 applied successfully
[2026-07-30 13:17:13.392] [quiver_database_0] [info] Applying migration 32
[2026-07-30 13:17:13.392] [quiver_database_0] [debug] Transaction started
[2026-07-30 13:17:13.399] [quiver_database_0] [debug] Set database version to 32
[2026-07-30 13:17:13.400] [quiver_database_0] [debug] Transaction committed
[2026-07-30 13:17:13.400] [quiver_database_0] [info] Migration 32 applied successfully
[2026-07-30 13:17:13.400] [quiver_database_0] [info] Applying migration 33
[2026-07-30 13:17:13.400] [quiver_database_0] [debug] Transaction started
[2026-07-30 13:17:13.406] [quiver_database_0] [debug] Set database version to 33
[2026-07-30 13:17:13.407] [quiver_database_0] [debug] Transaction committed
[2026-07-30 13:17:13.407] [quiver_database_0] [info] Migration 33 applied successfully
[2026-07-30 13:17:13.407] [quiver_database_0] [info] Applying migration 34
[2026-07-30 13:17:13.407] [quiver_database_0] [debug] Transaction started
[2026-07-30 13:17:13.407] [quiver_database_0] [debug] Set database version to 34
[2026-07-30 13:17:13.408] [quiver_database_0] [debug] Transaction committed
[2026-07-30 13:17:13.408] [quiver_database_0] [info] Migration 34 applied successfully
[2026-07-30 13:17:13.408] [quiver_database_0] [info] Applying migration 35
[2026-07-30 13:17:13.408] [quiver_database_0] [debug] Transaction started
[2026-07-30 13:17:13.415] [quiver_database_0] [debug] Set database version to 35
[2026-07-30 13:17:13.416] [quiver_database_0] [debug] Transaction committed
[2026-07-30 13:17:13.416] [quiver_database_0] [info] Migration 35 applied successfully
[2026-07-30 13:17:13.416] [quiver_database_0] [info] Applying migration 36
[2026-07-30 13:17:13.416] [quiver_database_0] [debug] Transaction started
[2026-07-30 13:17:13.417] [quiver_database_0] [debug] Set database version to 36
[2026-07-30 13:17:13.417] [quiver_database_0] [debug] Transaction committed
[2026-07-30 13:17:13.417] [quiver_database_0] [info] Migration 36 applied successfully
[2026-07-30 13:17:13.419] [quiver_database_0] [info] All migrations applied successfully. Database now at version 36
[2026-07-30 13:17:13.479] [quiver_database_0] [debug] Creating element in collection: Configuration
[2026-07-30 13:17:13.479] [quiver_database_0] [debug] Transaction started
[2026-07-30 13:17:13.479] [quiver_database_0] [debug] Inserted element with id: 1
[2026-07-30 13:17:13.479] [quiver_database_0] [debug] Inserted 1 vector rows into Configuration_vector_subperiod_duration
[2026-07-30 13:17:13.480] [quiver_database_0] [debug] Transaction committed
[2026-07-30 13:17:13.480] [quiver_database_0] [info] Created element 1 in Configuration
[2026-07-30 13:17:13.515] [quiver_database_0] [debug] Creating element in collection: Bus
[2026-07-30 13:17:13.515] [quiver_database_0] [debug] Transaction started
[2026-07-30 13:17:13.515] [quiver_database_0] [debug] Inserted element with id: 1
[2026-07-30 13:17:13.516] [quiver_database_0] [debug] Transaction committed
[2026-07-30 13:17:13.516] [quiver_database_0] [info] Created element 1 in Bus
[2026-07-30 13:17:13.532] [quiver_database_0] [debug] Creating element in collection: Zone
[2026-07-30 13:17:13.532] [quiver_database_0] [debug] Transaction started
[2026-07-30 13:17:13.532] [quiver_database_0] [debug] Inserted element with id: 1
[2026-07-30 13:17:13.532] [quiver_database_0] [debug] Transaction committed
[2026-07-30 13:17:13.532] [quiver_database_0] [info] Created element 1 in Zone
[2026-07-30 13:17:13.681] [quiver_database_0] [debug] Updating element 1 in collection: Bus
[2026-07-30 13:17:13.681] [quiver_database_0] [debug] Transaction started
[2026-07-30 13:17:13.682] [quiver_database_0] [debug] Transaction committed
[2026-07-30 13:17:13.682] [quiver_database_0] [info] Updated element 1 in Bus
[2026-07-30 13:17:13.700] [quiver_database_0] [debug] Creating element in collection: AssetOwner
[2026-07-30 13:17:13.700] [quiver_database_0] [debug] Transaction started
[2026-07-30 13:17:13.700] [quiver_database_0] [debug] Inserted element with id: 1
[2026-07-30 13:17:13.701] [quiver_database_0] [debug] Transaction committed
[2026-07-30 13:17:13.701] [quiver_database_0] [info] Created element 1 in AssetOwner
[2026-07-30 13:17:13.702] [quiver_database_0] [debug] Creating element in collection: AssetOwner
[2026-07-30 13:17:13.702] [quiver_database_0] [debug] Transaction started
[2026-07-30 13:17:13.702] [quiver_database_0] [debug] Inserted element with id: 2
[2026-07-30 13:17:13.703] [quiver_database_0] [debug] Transaction committed
[2026-07-30 13:17:13.703] [quiver_database_0] [info] Created element 2 in AssetOwner
[2026-07-30 13:17:13.759] [quiver_database_0] [debug] Creating element in collection: BiddingGroup
[2026-07-30 13:17:13.759] [quiver_database_0] [debug] Transaction started
[2026-07-30 13:17:13.759] [quiver_database_0] [debug] Inserted element with id: 1
[2026-07-30 13:17:13.759] [quiver_database_0] [debug] Inserted 1 vector rows into BiddingGroup_vector_markup
[2026-07-30 13:17:13.760] [quiver_database_0] [debug] Transaction committed
[2026-07-30 13:17:13.760] [quiver_database_0] [info] Created element 1 in BiddingGroup
[2026-07-30 13:17:13.761] [quiver_database_0] [debug] Creating element in collection: BiddingGroup
[2026-07-30 13:17:13.761] [quiver_database_0] [debug] Transaction started
[2026-07-30 13:17:13.761] [quiver_database_0] [debug] Inserted element with id: 2
[2026-07-30 13:17:13.761] [quiver_database_0] [debug] Inserted 1 vector rows into BiddingGroup_vector_markup
[2026-07-30 13:17:13.762] [quiver_database_0] [debug] Transaction committed
[2026-07-30 13:17:13.762] [quiver_database_0] [info] Created element 2 in BiddingGroup
[2026-07-30 13:17:14.185] [quiver_database_0] [debug] Creating element in collection: DemandUnit
[2026-07-30 13:17:14.185] [quiver_database_0] [debug] Transaction started
[2026-07-30 13:17:14.185] [quiver_database_0] [debug] Inserted element with id: 1
[2026-07-30 13:17:14.186] [quiver_database_0] [debug] Transaction committed
[2026-07-30 13:17:14.186] [quiver_database_0] [info] Created element 1 in DemandUnit
[2026-07-30 13:17:14.595] [quiver_database_0] [debug] Updating time series DemandUnit.parameters for id 1 with 1 rows
[2026-07-30 13:17:14.595] [quiver_database_0] [debug] Transaction started
[2026-07-30 13:17:14.596] [quiver_database_0] [debug] Transaction committed
[2026-07-30 13:17:14.596] [quiver_database_0] [info] Updated time series DemandUnit.parameters for id 1 with 1 rows
[2026-07-30 13:17:14.597] [quiver_database_0] [debug] Creating element in collection: DemandUnit
[2026-07-30 13:17:14.597] [quiver_database_0] [debug] Transaction started
[2026-07-30 13:17:14.597] [quiver_database_0] [debug] Inserted element with id: 2
[2026-07-30 13:17:14.598] [quiver_database_0] [debug] Transaction committed
[2026-07-30 13:17:14.598] [quiver_database_0] [info] Created element 2 in DemandUnit
[2026-07-30 13:17:14.598] [quiver_database_0] [debug] Updating time series DemandUnit.parameters for id 2 with 1 rows
[2026-07-30 13:17:14.598] [quiver_database_0] [debug] Transaction started
[2026-07-30 13:17:14.598] [quiver_database_0] [debug] Transaction committed
[2026-07-30 13:17:14.598] [quiver_database_0] [info] Updated time series DemandUnit.parameters for id 2 with 1 rows
[2026-07-30 13:17:14.599] [quiver_database_0] [debug] Creating element in collection: DemandUnit
[2026-07-30 13:17:14.599] [quiver_database_0] [debug] Transaction started
[2026-07-30 13:17:14.599] [quiver_database_0] [debug] Inserted element with id: 3
[2026-07-30 13:17:14.600] [quiver_database_0] [debug] Transaction committed
[2026-07-30 13:17:14.600] [quiver_database_0] [info] Created element 3 in DemandUnit
[2026-07-30 13:17:14.600] [quiver_database_0] [debug] Updating time series DemandUnit.parameters for id 3 with 1 rows
[2026-07-30 13:17:14.600] [quiver_database_0] [debug] Transaction started
[2026-07-30 13:17:14.601] [quiver_database_0] [debug] Transaction committed
[2026-07-30 13:17:14.601] [quiver_database_0] [info] Updated time series DemandUnit.parameters for id 3 with 1 rows
[2026-07-30 13:17:14.691] [quiver_database_0] [debug] Creating element in collection: RenewableUnit
[2026-07-30 13:17:14.691] [quiver_database_0] [debug] Transaction started
[2026-07-30 13:17:14.692] [quiver_database_0] [debug] Inserted element with id: 1
[2026-07-30 13:17:14.693] [quiver_database_0] [debug] Transaction committed
[2026-07-30 13:17:14.693] [quiver_database_0] [info] Created element 1 in RenewableUnit
[2026-07-30 13:17:14.967] [quiver_database_0] [debug] Updating time series RenewableUnit.parameters for id 1 with 1 rows
[2026-07-30 13:17:14.967] [quiver_database_0] [debug] Transaction started
[2026-07-30 13:17:14.968] [quiver_database_0] [debug] Transaction committed
[2026-07-30 13:17:14.968] [quiver_database_0] [info] Updated time series RenewableUnit.parameters for id 1 with 1 rows
[2026-07-30 13:17:15.029] [quiver_database_0] [debug] Creating element in collection: ThermalUnit
[2026-07-30 13:17:15.029] [quiver_database_0] [debug] Transaction started
[2026-07-30 13:17:15.029] [quiver_database_0] [debug] Inserted element with id: 1
[2026-07-30 13:17:15.030] [quiver_database_0] [debug] Transaction committed
[2026-07-30 13:17:15.030] [quiver_database_0] [info] Created element 1 in ThermalUnit
[2026-07-30 13:17:15.265] [quiver_database_0] [debug] Updating time series ThermalUnit.parameters for id 1 with 1 rows
[2026-07-30 13:17:15.265] [quiver_database_0] [debug] Transaction started
[2026-07-30 13:17:15.266] [quiver_database_0] [debug] Transaction committed
[2026-07-30 13:17:15.266] [quiver_database_0] [info] Updated time series ThermalUnit.parameters for id 1 with 1 rows
[2026-07-30 13:17:15.268] [quiver_database_0] [debug] Creating element in collection: ThermalUnit
[2026-07-30 13:17:15.268] [quiver_database_0] [debug] Transaction started
[2026-07-30 13:17:15.268] [quiver_database_0] [debug] Inserted element with id: 2
[2026-07-30 13:17:15.269] [quiver_database_0] [debug] Transaction committed
[2026-07-30 13:17:15.269] [quiver_database_0] [info] Created element 2 in ThermalUnit
[2026-07-30 13:17:15.269] [quiver_database_0] [debug] Updating time series ThermalUnit.parameters for id 2 with 1 rows
[2026-07-30 13:17:15.269] [quiver_database_0] [debug] Transaction started
[2026-07-30 13:17:15.270] [quiver_database_0] [debug] Transaction committed
[2026-07-30 13:17:15.270] [quiver_database_0] [info] Updated time series ThermalUnit.parameters for id 2 with 1 rows
[2026-07-30 13:17:15.270] [quiver_database_0] [debug] Creating element in collection: ThermalUnit
[2026-07-30 13:17:15.271] [quiver_database_0] [debug] Transaction started
[2026-07-30 13:17:15.271] [quiver_database_0] [debug] Inserted element with id: 3
[2026-07-30 13:17:15.271] [quiver_database_0] [debug] Transaction committed
[2026-07-30 13:17:15.271] [quiver_database_0] [info] Created element 3 in ThermalUnit
[2026-07-30 13:17:15.271] [quiver_database_0] [debug] Updating time series ThermalUnit.parameters for id 3 with 1 rows
[2026-07-30 13:17:15.271] [quiver_database_0] [debug] Transaction started
[2026-07-30 13:17:15.272] [quiver_database_0] [debug] Transaction committed
[2026-07-30 13:17:15.272] [quiver_database_0] [info] Updated time series ThermalUnit.parameters for id 3 with 1 rows
[2026-07-30 13:17:15.273] [quiver_database_0] [debug] Creating element in collection: ThermalUnit
[2026-07-30 13:17:15.273] [quiver_database_0] [debug] Transaction started
[2026-07-30 13:17:15.273] [quiver_database_0] [debug] Inserted element with id: 4
[2026-07-30 13:17:15.274] [quiver_database_0] [debug] Transaction committed
[2026-07-30 13:17:15.274] [quiver_database_0] [info] Created element 4 in ThermalUnit
[2026-07-30 13:17:15.274] [quiver_database_0] [debug] Updating time series ThermalUnit.parameters for id 4 with 1 rows
[2026-07-30 13:17:15.274] [quiver_database_0] [debug] Transaction started
[2026-07-30 13:17:15.275] [quiver_database_0] [debug] Transaction committed
[2026-07-30 13:17:15.275] [quiver_database_0] [info] Updated time series ThermalUnit.parameters for id 4 with 1 rows
[2026-07-30 13:17:15.275] [quiver_database_0] [debug] Creating element in collection: ThermalUnit
[2026-07-30 13:17:15.275] [quiver_database_0] [debug] Transaction started
[2026-07-30 13:17:15.275] [quiver_database_0] [debug] Inserted element with id: 5
[2026-07-30 13:17:15.276] [quiver_database_0] [debug] Transaction committed
[2026-07-30 13:17:15.276] [quiver_database_0] [info] Created element 5 in ThermalUnit
[2026-07-30 13:17:15.276] [quiver_database_0] [debug] Updating time series ThermalUnit.parameters for id 5 with 1 rows
[2026-07-30 13:17:15.276] [quiver_database_0] [debug] Transaction started
[2026-07-30 13:17:15.277] [quiver_database_0] [debug] Transaction committed
[2026-07-30 13:17:15.277] [quiver_database_0] [info] Updated time series ThermalUnit.parameters for id 5 with 1 rows
[2026-07-30 13:17:15.278] [quiver_database_0] [debug] Creating element in collection: ThermalUnit
[2026-07-30 13:17:15.278] [quiver_database_0] [debug] Transaction started
[2026-07-30 13:17:15.278] [quiver_database_0] [debug] Inserted element with id: 6
[2026-07-30 13:17:15.278] [quiver_database_0] [debug] Transaction committed
[2026-07-30 13:17:15.279] [quiver_database_0] [info] Created element 6 in ThermalUnit
[2026-07-30 13:17:15.279] [quiver_database_0] [debug] Updating time series ThermalUnit.parameters for id 6 with 1 rows
[2026-07-30 13:17:15.279] [quiver_database_0] [debug] Transaction started
[2026-07-30 13:17:15.279] [quiver_database_0] [debug] Transaction committed
[2026-07-30 13:17:15.279] [quiver_database_0] [info] Updated time series ThermalUnit.parameters for id 6 with 1 rows
[2026-07-30 13:17:18.148] [quiver_database_0] [debug] Reading time series files for collection: RenewableUnit
[2026-07-30 13:17:18.148] [quiver_database_0] [debug] Updating time series files for collection: RenewableUnit
[2026-07-30 13:17:18.148] [quiver_database_0] [debug] Transaction started
[2026-07-30 13:17:18.150] [quiver_database_0] [debug] Transaction committed
[2026-07-30 13:17:18.150] [quiver_database_0] [info] Updated time series files for collection: RenewableUnit
[2026-07-30 13:17:18.167] [quiver_database_0] [debug] Reading time series files for collection: DemandUnit
[2026-07-30 13:17:18.167] [quiver_database_0] [debug] Updating time series files for collection: DemandUnit
[2026-07-30 13:17:18.167] [quiver_database_0] [debug] Transaction started
[2026-07-30 13:17:18.168] [quiver_database_0] [debug] Transaction committed
[2026-07-30 13:17:18.168] [quiver_database_0] [info] Updated time series files for collection: DemandUnit
[2026-07-30 13:17:18.175] [quiver_database_0] [debug] Closing database: /home/runner/work/IARA.jl/IARA.jl/docs/build/tutorial/data/case_1/study.iara
[2026-07-30 13:17:18.175] [quiver_database_0] [info] Database closed
