[2026-07-30 17:58:26.429] [quiver_database_8] [debug] Opening database: /home/runner/work/IARA.jl/IARA.jl/docs/build/tutorial/data/case_3/study.iara
[2026-07-30 17:58:26.429] [quiver_database_8] [debug] Database opened successfully, foreign keys enabled
[2026-07-30 17:58:26.429] [quiver_database_8] [info] Database opened successfully: /home/runner/work/IARA.jl/IARA.jl/docs/build/tutorial/data/case_3/study.iara
[2026-07-30 17:58:26.430] [quiver_database_8] [info] Applying 36 pending migration(s) from version 0 to 36
[2026-07-30 17:58:26.430] [quiver_database_8] [info] Applying migration 1
[2026-07-30 17:58:26.430] [quiver_database_8] [debug] Transaction started
[2026-07-30 17:58:26.431] [quiver_database_8] [debug] Set database version to 1
[2026-07-30 17:58:26.433] [quiver_database_8] [debug] Transaction committed
[2026-07-30 17:58:26.433] [quiver_database_8] [info] Migration 1 applied successfully
[2026-07-30 17:58:26.433] [quiver_database_8] [info] Applying migration 2
[2026-07-30 17:58:26.433] [quiver_database_8] [debug] Transaction started
[2026-07-30 17:58:26.503] [quiver_database_8] [debug] Set database version to 2
[2026-07-30 17:58:26.505] [quiver_database_8] [debug] Transaction committed
[2026-07-30 17:58:26.505] [quiver_database_8] [info] Migration 2 applied successfully
[2026-07-30 17:58:26.505] [quiver_database_8] [info] Applying migration 3
[2026-07-30 17:58:26.505] [quiver_database_8] [debug] Transaction started
[2026-07-30 17:58:26.544] [quiver_database_8] [debug] Set database version to 3
[2026-07-30 17:58:26.545] [quiver_database_8] [debug] Transaction committed
[2026-07-30 17:58:26.545] [quiver_database_8] [info] Migration 3 applied successfully
[2026-07-30 17:58:26.545] [quiver_database_8] [info] Applying migration 4
[2026-07-30 17:58:26.545] [quiver_database_8] [debug] Transaction started
[2026-07-30 17:58:26.559] [quiver_database_8] [debug] Set database version to 4
[2026-07-30 17:58:26.560] [quiver_database_8] [debug] Transaction committed
[2026-07-30 17:58:26.560] [quiver_database_8] [info] Migration 4 applied successfully
[2026-07-30 17:58:26.560] [quiver_database_8] [info] Applying migration 5
[2026-07-30 17:58:26.560] [quiver_database_8] [debug] Transaction started
[2026-07-30 17:58:26.561] [quiver_database_8] [debug] Set database version to 5
[2026-07-30 17:58:26.561] [quiver_database_8] [debug] Transaction committed
[2026-07-30 17:58:26.561] [quiver_database_8] [info] Migration 5 applied successfully
[2026-07-30 17:58:26.561] [quiver_database_8] [info] Applying migration 6
[2026-07-30 17:58:26.561] [quiver_database_8] [debug] Transaction started
[2026-07-30 17:58:26.563] [quiver_database_8] [debug] Set database version to 6
[2026-07-30 17:58:26.564] [quiver_database_8] [debug] Transaction committed
[2026-07-30 17:58:26.564] [quiver_database_8] [info] Migration 6 applied successfully
[2026-07-30 17:58:26.564] [quiver_database_8] [info] Applying migration 7
[2026-07-30 17:58:26.564] [quiver_database_8] [debug] Transaction started
[2026-07-30 17:58:26.567] [quiver_database_8] [debug] Set database version to 7
[2026-07-30 17:58:26.568] [quiver_database_8] [debug] Transaction committed
[2026-07-30 17:58:26.568] [quiver_database_8] [info] Migration 7 applied successfully
[2026-07-30 17:58:26.568] [quiver_database_8] [info] Applying migration 8
[2026-07-30 17:58:26.568] [quiver_database_8] [debug] Transaction started
[2026-07-30 17:58:26.569] [quiver_database_8] [debug] Set database version to 8
[2026-07-30 17:58:26.570] [quiver_database_8] [debug] Transaction committed
[2026-07-30 17:58:26.570] [quiver_database_8] [info] Migration 8 applied successfully
[2026-07-30 17:58:26.570] [quiver_database_8] [info] Applying migration 9
[2026-07-30 17:58:26.570] [quiver_database_8] [debug] Transaction started
[2026-07-30 17:58:26.572] [quiver_database_8] [debug] Set database version to 9
[2026-07-30 17:58:26.573] [quiver_database_8] [debug] Transaction committed
[2026-07-30 17:58:26.573] [quiver_database_8] [info] Migration 9 applied successfully
[2026-07-30 17:58:26.573] [quiver_database_8] [info] Applying migration 10
[2026-07-30 17:58:26.573] [quiver_database_8] [debug] Transaction started
[2026-07-30 17:58:26.573] [quiver_database_8] [debug] Set database version to 10
[2026-07-30 17:58:26.574] [quiver_database_8] [debug] Transaction committed
[2026-07-30 17:58:26.574] [quiver_database_8] [info] Migration 10 applied successfully
[2026-07-30 17:58:26.574] [quiver_database_8] [info] Applying migration 11
[2026-07-30 17:58:26.574] [quiver_database_8] [debug] Transaction started
[2026-07-30 17:58:26.575] [quiver_database_8] [debug] Set database version to 11
[2026-07-30 17:58:26.576] [quiver_database_8] [debug] Transaction committed
[2026-07-30 17:58:26.576] [quiver_database_8] [info] Migration 11 applied successfully
[2026-07-30 17:58:26.576] [quiver_database_8] [info] Applying migration 12
[2026-07-30 17:58:26.576] [quiver_database_8] [debug] Transaction started
[2026-07-30 17:58:26.580] [quiver_database_8] [debug] Set database version to 12
[2026-07-30 17:58:26.581] [quiver_database_8] [debug] Transaction committed
[2026-07-30 17:58:26.581] [quiver_database_8] [info] Migration 12 applied successfully
[2026-07-30 17:58:26.581] [quiver_database_8] [info] Applying migration 13
[2026-07-30 17:58:26.581] [quiver_database_8] [debug] Transaction started
[2026-07-30 17:58:26.582] [quiver_database_8] [debug] Set database version to 13
[2026-07-30 17:58:26.582] [quiver_database_8] [debug] Transaction committed
[2026-07-30 17:58:26.582] [quiver_database_8] [info] Migration 13 applied successfully
[2026-07-30 17:58:26.582] [quiver_database_8] [info] Applying migration 14
[2026-07-30 17:58:26.582] [quiver_database_8] [debug] Transaction started
[2026-07-30 17:58:26.583] [quiver_database_8] [debug] Set database version to 14
[2026-07-30 17:58:26.584] [quiver_database_8] [debug] Transaction committed
[2026-07-30 17:58:26.584] [quiver_database_8] [info] Migration 14 applied successfully
[2026-07-30 17:58:26.584] [quiver_database_8] [info] Applying migration 15
[2026-07-30 17:58:26.584] [quiver_database_8] [debug] Transaction started
[2026-07-30 17:58:26.587] [quiver_database_8] [debug] Set database version to 15
[2026-07-30 17:58:26.587] [quiver_database_8] [debug] Transaction committed
[2026-07-30 17:58:26.587] [quiver_database_8] [info] Migration 15 applied successfully
[2026-07-30 17:58:26.587] [quiver_database_8] [info] Applying migration 16
[2026-07-30 17:58:26.587] [quiver_database_8] [debug] Transaction started
[2026-07-30 17:58:26.588] [quiver_database_8] [debug] Set database version to 16
[2026-07-30 17:58:26.588] [quiver_database_8] [debug] Transaction committed
[2026-07-30 17:58:26.588] [quiver_database_8] [info] Migration 16 applied successfully
[2026-07-30 17:58:26.588] [quiver_database_8] [info] Applying migration 17
[2026-07-30 17:58:26.589] [quiver_database_8] [debug] Transaction started
[2026-07-30 17:58:26.589] [quiver_database_8] [debug] Set database version to 17
[2026-07-30 17:58:26.590] [quiver_database_8] [debug] Transaction committed
[2026-07-30 17:58:26.590] [quiver_database_8] [info] Migration 17 applied successfully
[2026-07-30 17:58:26.590] [quiver_database_8] [info] Applying migration 18
[2026-07-30 17:58:26.590] [quiver_database_8] [debug] Transaction started
[2026-07-30 17:58:26.599] [quiver_database_8] [debug] Set database version to 18
[2026-07-30 17:58:26.601] [quiver_database_8] [debug] Transaction committed
[2026-07-30 17:58:26.601] [quiver_database_8] [info] Migration 18 applied successfully
[2026-07-30 17:58:26.601] [quiver_database_8] [info] Applying migration 19
[2026-07-30 17:58:26.601] [quiver_database_8] [debug] Transaction started
[2026-07-30 17:58:26.605] [quiver_database_8] [debug] Set database version to 19
[2026-07-30 17:58:26.606] [quiver_database_8] [debug] Transaction committed
[2026-07-30 17:58:26.606] [quiver_database_8] [info] Migration 19 applied successfully
[2026-07-30 17:58:26.606] [quiver_database_8] [info] Applying migration 20
[2026-07-30 17:58:26.606] [quiver_database_8] [debug] Transaction started
[2026-07-30 17:58:26.612] [quiver_database_8] [debug] Set database version to 20
[2026-07-30 17:58:26.613] [quiver_database_8] [debug] Transaction committed
[2026-07-30 17:58:26.613] [quiver_database_8] [info] Migration 20 applied successfully
[2026-07-30 17:58:26.613] [quiver_database_8] [info] Applying migration 21
[2026-07-30 17:58:26.613] [quiver_database_8] [debug] Transaction started
[2026-07-30 17:58:26.616] [quiver_database_8] [debug] Set database version to 21
[2026-07-30 17:58:26.617] [quiver_database_8] [debug] Transaction committed
[2026-07-30 17:58:26.617] [quiver_database_8] [info] Migration 21 applied successfully
[2026-07-30 17:58:26.617] [quiver_database_8] [info] Applying migration 22
[2026-07-30 17:58:26.617] [quiver_database_8] [debug] Transaction started
[2026-07-30 17:58:26.619] [quiver_database_8] [debug] Set database version to 22
[2026-07-30 17:58:26.620] [quiver_database_8] [debug] Transaction committed
[2026-07-30 17:58:26.620] [quiver_database_8] [info] Migration 22 applied successfully
[2026-07-30 17:58:26.620] [quiver_database_8] [info] Applying migration 23
[2026-07-30 17:58:26.620] [quiver_database_8] [debug] Transaction started
[2026-07-30 17:58:26.620] [quiver_database_8] [debug] Set database version to 23
[2026-07-30 17:58:26.621] [quiver_database_8] [debug] Transaction committed
[2026-07-30 17:58:26.621] [quiver_database_8] [info] Migration 23 applied successfully
[2026-07-30 17:58:26.621] [quiver_database_8] [info] Applying migration 24
[2026-07-30 17:58:26.621] [quiver_database_8] [debug] Transaction started
[2026-07-30 17:58:26.636] [quiver_database_8] [debug] Set database version to 24
[2026-07-30 17:58:26.637] [quiver_database_8] [debug] Transaction committed
[2026-07-30 17:58:26.637] [quiver_database_8] [info] Migration 24 applied successfully
[2026-07-30 17:58:26.637] [quiver_database_8] [info] Applying migration 25
[2026-07-30 17:58:26.637] [quiver_database_8] [debug] Transaction started
[2026-07-30 17:58:26.641] [quiver_database_8] [debug] Set database version to 25
[2026-07-30 17:58:26.641] [quiver_database_8] [debug] Transaction committed
[2026-07-30 17:58:26.641] [quiver_database_8] [info] Migration 25 applied successfully
[2026-07-30 17:58:26.641] [quiver_database_8] [info] Applying migration 26
[2026-07-30 17:58:26.641] [quiver_database_8] [debug] Transaction started
[2026-07-30 17:58:26.642] [quiver_database_8] [debug] Set database version to 26
[2026-07-30 17:58:26.643] [quiver_database_8] [debug] Transaction committed
[2026-07-30 17:58:26.643] [quiver_database_8] [info] Migration 26 applied successfully
[2026-07-30 17:58:26.643] [quiver_database_8] [info] Applying migration 27
[2026-07-30 17:58:26.643] [quiver_database_8] [debug] Transaction started
[2026-07-30 17:58:26.644] [quiver_database_8] [debug] Set database version to 27
[2026-07-30 17:58:26.645] [quiver_database_8] [debug] Transaction committed
[2026-07-30 17:58:26.645] [quiver_database_8] [info] Migration 27 applied successfully
[2026-07-30 17:58:26.645] [quiver_database_8] [info] Applying migration 28
[2026-07-30 17:58:26.645] [quiver_database_8] [debug] Transaction started
[2026-07-30 17:58:26.646] [quiver_database_8] [debug] Set database version to 28
[2026-07-30 17:58:26.649] [quiver_database_8] [debug] Transaction committed
[2026-07-30 17:58:26.649] [quiver_database_8] [info] Migration 28 applied successfully
[2026-07-30 17:58:26.649] [quiver_database_8] [info] Applying migration 29
[2026-07-30 17:58:26.649] [quiver_database_8] [debug] Transaction started
[2026-07-30 17:58:26.651] [quiver_database_8] [debug] Set database version to 29
[2026-07-30 17:58:26.652] [quiver_database_8] [debug] Transaction committed
[2026-07-30 17:58:26.652] [quiver_database_8] [info] Migration 29 applied successfully
[2026-07-30 17:58:26.652] [quiver_database_8] [info] Applying migration 30
[2026-07-30 17:58:26.652] [quiver_database_8] [debug] Transaction started
[2026-07-30 17:58:26.662] [quiver_database_8] [debug] Set database version to 30
[2026-07-30 17:58:26.663] [quiver_database_8] [debug] Transaction committed
[2026-07-30 17:58:26.663] [quiver_database_8] [info] Migration 30 applied successfully
[2026-07-30 17:58:26.663] [quiver_database_8] [info] Applying migration 31
[2026-07-30 17:58:26.663] [quiver_database_8] [debug] Transaction started
[2026-07-30 17:58:26.677] [quiver_database_8] [debug] Set database version to 31
[2026-07-30 17:58:26.679] [quiver_database_8] [debug] Transaction committed
[2026-07-30 17:58:26.679] [quiver_database_8] [info] Migration 31 applied successfully
[2026-07-30 17:58:26.679] [quiver_database_8] [info] Applying migration 32
[2026-07-30 17:58:26.679] [quiver_database_8] [debug] Transaction started
[2026-07-30 17:58:26.687] [quiver_database_8] [debug] Set database version to 32
[2026-07-30 17:58:26.688] [quiver_database_8] [debug] Transaction committed
[2026-07-30 17:58:26.688] [quiver_database_8] [info] Migration 32 applied successfully
[2026-07-30 17:58:26.688] [quiver_database_8] [info] Applying migration 33
[2026-07-30 17:58:26.688] [quiver_database_8] [debug] Transaction started
[2026-07-30 17:58:26.695] [quiver_database_8] [debug] Set database version to 33
[2026-07-30 17:58:26.695] [quiver_database_8] [debug] Transaction committed
[2026-07-30 17:58:26.695] [quiver_database_8] [info] Migration 33 applied successfully
[2026-07-30 17:58:26.696] [quiver_database_8] [info] Applying migration 34
[2026-07-30 17:58:26.696] [quiver_database_8] [debug] Transaction started
[2026-07-30 17:58:26.696] [quiver_database_8] [debug] Set database version to 34
[2026-07-30 17:58:26.697] [quiver_database_8] [debug] Transaction committed
[2026-07-30 17:58:26.697] [quiver_database_8] [info] Migration 34 applied successfully
[2026-07-30 17:58:26.697] [quiver_database_8] [info] Applying migration 35
[2026-07-30 17:58:26.697] [quiver_database_8] [debug] Transaction started
[2026-07-30 17:58:26.705] [quiver_database_8] [debug] Set database version to 35
[2026-07-30 17:58:26.706] [quiver_database_8] [debug] Transaction committed
[2026-07-30 17:58:26.706] [quiver_database_8] [info] Migration 35 applied successfully
[2026-07-30 17:58:26.706] [quiver_database_8] [info] Applying migration 36
[2026-07-30 17:58:26.706] [quiver_database_8] [debug] Transaction started
[2026-07-30 17:58:26.707] [quiver_database_8] [debug] Set database version to 36
[2026-07-30 17:58:26.707] [quiver_database_8] [debug] Transaction committed
[2026-07-30 17:58:26.707] [quiver_database_8] [info] Migration 36 applied successfully
[2026-07-30 17:58:26.709] [quiver_database_8] [info] All migrations applied successfully. Database now at version 36
[2026-07-30 17:58:26.738] [quiver_database_8] [debug] Creating element in collection: Configuration
[2026-07-30 17:58:26.738] [quiver_database_8] [debug] Transaction started
[2026-07-30 17:58:26.739] [quiver_database_8] [debug] Inserted element with id: 1
[2026-07-30 17:58:26.739] [quiver_database_8] [debug] Inserted 2 vector rows into Configuration_vector_subperiod_duration
[2026-07-30 17:58:26.740] [quiver_database_8] [debug] Transaction committed
[2026-07-30 17:58:26.740] [quiver_database_8] [info] Created element 1 in Configuration
[2026-07-30 17:58:26.742] [quiver_database_8] [debug] Creating element in collection: Zone
[2026-07-30 17:58:26.742] [quiver_database_8] [debug] Transaction started
[2026-07-30 17:58:26.742] [quiver_database_8] [debug] Inserted element with id: 1
[2026-07-30 17:58:26.743] [quiver_database_8] [debug] Transaction committed
[2026-07-30 17:58:26.743] [quiver_database_8] [info] Created element 1 in Zone
[2026-07-30 17:58:26.793] [quiver_database_8] [debug] Creating element in collection: Bus
[2026-07-30 17:58:26.793] [quiver_database_8] [debug] Transaction started
[2026-07-30 17:58:26.793] [quiver_database_8] [debug] Inserted element with id: 1
[2026-07-30 17:58:26.794] [quiver_database_8] [debug] Transaction committed
[2026-07-30 17:58:26.794] [quiver_database_8] [info] Created element 1 in Bus
[2026-07-30 17:58:26.797] [quiver_database_8] [debug] Creating element in collection: DemandUnit
[2026-07-30 17:58:26.797] [quiver_database_8] [debug] Transaction started
[2026-07-30 17:58:26.797] [quiver_database_8] [debug] Inserted element with id: 1
[2026-07-30 17:58:26.798] [quiver_database_8] [debug] Transaction committed
[2026-07-30 17:58:26.798] [quiver_database_8] [info] Created element 1 in DemandUnit
[2026-07-30 17:58:26.798] [quiver_database_8] [debug] Updating time series DemandUnit.parameters for id 1 with 1 rows
[2026-07-30 17:58:26.798] [quiver_database_8] [debug] Transaction started
[2026-07-30 17:58:26.799] [quiver_database_8] [debug] Transaction committed
[2026-07-30 17:58:26.799] [quiver_database_8] [info] Updated time series DemandUnit.parameters for id 1 with 1 rows
[2026-07-30 17:58:26.802] [quiver_database_8] [debug] Reading time series files for collection: DemandUnit
[2026-07-30 17:58:26.802] [quiver_database_8] [debug] Updating time series files for collection: DemandUnit
[2026-07-30 17:58:26.802] [quiver_database_8] [debug] Transaction started
[2026-07-30 17:58:26.802] [quiver_database_8] [debug] Transaction committed
[2026-07-30 17:58:26.802] [quiver_database_8] [info] Updated time series files for collection: DemandUnit
[2026-07-30 17:58:26.803] [quiver_database_8] [debug] Creating element in collection: AssetOwner
[2026-07-30 17:58:26.803] [quiver_database_8] [debug] Transaction started
[2026-07-30 17:58:26.804] [quiver_database_8] [debug] Inserted element with id: 1
[2026-07-30 17:58:26.804] [quiver_database_8] [debug] Transaction committed
[2026-07-30 17:58:26.804] [quiver_database_8] [info] Created element 1 in AssetOwner
[2026-07-30 17:58:26.859] [quiver_database_8] [debug] Creating element in collection: BiddingGroup
[2026-07-30 17:58:26.859] [quiver_database_8] [debug] Transaction started
[2026-07-30 17:58:26.859] [quiver_database_8] [debug] Inserted element with id: 1
[2026-07-30 17:58:26.860] [quiver_database_8] [debug] Transaction committed
[2026-07-30 17:58:26.860] [quiver_database_8] [info] Created element 1 in BiddingGroup
[2026-07-30 17:58:26.861] [quiver_database_8] [debug] Creating element in collection: BiddingGroup
[2026-07-30 17:58:26.861] [quiver_database_8] [debug] Transaction started
[2026-07-30 17:58:26.861] [quiver_database_8] [debug] Inserted element with id: 2
[2026-07-30 17:58:26.862] [quiver_database_8] [debug] Transaction committed
[2026-07-30 17:58:26.862] [quiver_database_8] [info] Created element 2 in BiddingGroup
[2026-07-30 17:58:27.043] [quiver_database_8] [debug] Reading time series files for collection: BiddingGroup
[2026-07-30 17:58:27.043] [quiver_database_8] [debug] Updating time series files for collection: BiddingGroup
[2026-07-30 17:58:27.043] [quiver_database_8] [debug] Transaction started
[2026-07-30 17:58:27.044] [quiver_database_8] [debug] Transaction committed
[2026-07-30 17:58:27.044] [quiver_database_8] [info] Updated time series files for collection: BiddingGroup
[2026-07-30 17:58:27.258] [quiver_database_8] [debug] Reading time series files for collection: BiddingGroup
[2026-07-30 17:58:27.258] [quiver_database_8] [debug] Updating time series files for collection: BiddingGroup
[2026-07-30 17:58:27.258] [quiver_database_8] [debug] Transaction started
[2026-07-30 17:58:27.259] [quiver_database_8] [debug] Transaction committed
[2026-07-30 17:58:27.259] [quiver_database_8] [info] Updated time series files for collection: BiddingGroup
[2026-07-30 17:58:27.417] [quiver_database_8] [debug] Creating element in collection: ThermalUnit
[2026-07-30 17:58:27.417] [quiver_database_8] [debug] Transaction started
[2026-07-30 17:58:27.417] [quiver_database_8] [debug] Inserted element with id: 1
[2026-07-30 17:58:27.419] [quiver_database_8] [debug] Transaction committed
[2026-07-30 17:58:27.419] [quiver_database_8] [info] Created element 1 in ThermalUnit
[2026-07-30 17:58:27.690] [quiver_database_8] [debug] Updating time series ThermalUnit.parameters for id 1 with 1 rows
[2026-07-30 17:58:27.690] [quiver_database_8] [debug] Transaction started
[2026-07-30 17:58:27.691] [quiver_database_8] [debug] Transaction committed
[2026-07-30 17:58:27.691] [quiver_database_8] [info] Updated time series ThermalUnit.parameters for id 1 with 1 rows
[2026-07-30 17:58:27.692] [quiver_database_8] [debug] Creating element in collection: ThermalUnit
[2026-07-30 17:58:27.692] [quiver_database_8] [debug] Transaction started
[2026-07-30 17:58:27.693] [quiver_database_8] [debug] Inserted element with id: 2
[2026-07-30 17:58:27.693] [quiver_database_8] [debug] Transaction committed
[2026-07-30 17:58:27.693] [quiver_database_8] [info] Created element 2 in ThermalUnit
[2026-07-30 17:58:27.693] [quiver_database_8] [debug] Updating time series ThermalUnit.parameters for id 2 with 1 rows
[2026-07-30 17:58:27.693] [quiver_database_8] [debug] Transaction started
[2026-07-30 17:58:27.694] [quiver_database_8] [debug] Transaction committed
[2026-07-30 17:58:27.694] [quiver_database_8] [info] Updated time series ThermalUnit.parameters for id 2 with 1 rows
[2026-07-30 17:58:27.695] [quiver_database_8] [debug] Closing database: /home/runner/work/IARA.jl/IARA.jl/docs/build/tutorial/data/case_3/study.iara
[2026-07-30 17:58:27.695] [quiver_database_8] [info] Database closed
